tester
123456789
2100.12.31 12:59:59
12345
23456
34567

